../Core/Src/st7735.c:10:6:ST7735_SetAddressWindow	24	static
../Core/Src/st7735.c:31:6:ST7735_Init	8	static
../Core/Src/st7735.c:54:6:ST7735_Init_Command1	8	static
../Core/Src/st7735.c:163:6:ST7735_Init_Command2	8	static
../Core/Src/st7735.c:176:6:ST7735_Init_Command3	8	static
../Core/Src/st7735.c:217:6:ST7735_PlotPoint	16	static
../Core/Src/st7735.c:231:6:ST7735_PlotIncrement	8	static
../Core/Src/st7735.c:239:6:ST7735_DrawPixel	16	static
../Core/Src/st7735.c:257:10:ST7735_DrawString	48	static
../Core/Src/st7735.c:272:6:ST7735_DrawCharS	48	static
../Core/Src/st7735.c:306:6:ST7735_Drawaxes	48	static
../Core/Src/st7735.c:353:6:ST7735_DrawFastHLine	32	static
../Core/Src/st7735.c:373:6:ST7735_DrawFastVLine	32	static
../Core/Src/st7735.c:393:6:ST7735_FillRectangle	24	static
../Core/Src/st7735.c:422:6:ST7735_FillRectangleByPixel	32	static
../Core/Src/st7735.c:442:6:ST7735_FillScreen	24	static
../Core/Src/st7735.c:446:6:ST7735_DrawImage	32	static
../Core/Src/st7735.c:509:6:ST7735_InvertColors	16	static
../Core/Src/st7735.c:519:6:lcd7735_sendCmd	16	static
../Core/Src/st7735.c:526:6:lcd7735_sendData	16	static
../Core/Src/st7735.c:531:6:lcd7735_senddata	16	static
../Core/Src/st7735.c:535:10:ST7735_WriteString	40	static
../Core/Src/st7735.c:550:6:ST7735_WriteCharS	64	static
../Core/Src/st7735.c:600:6:ST7735_draw_monochrome_vector_image_bckg	40	static
../Core/Src/st7735.c:629:6:ST7735_draw_color_image	40	static
../Core/Src/st7735.c:653:6:ST7735_draw_color_image_bckg	40	static
